// Jest Snapshot v1, https://goo.gl/fbAQLP

exports[`tag-profile rendering should render 1`] = `"<tag-profile data-tag-profile-host=\\"\\" class=\\"hydrated\\"><!----><div data-tag-profile=\\"\\"><div class=\\"prof__img\\" style=\\"background-size: cover; background-image: url(undefined);\\" data-tag-profile=\\"\\"><div class=\\"prof__edit\\" data-tag-profile=\\"\\"><tag-icon-set icon=\\"Edit\\" accent=\\"Selected\\" style=\\"width: 24px; height: 24px; padding: 10px;\\" data-tag-profile=\\"\\"></tag-icon-set></div></div><tag-text type=\\"h2\\" data-tag-profile=\\"\\"></tag-text><hr data-tag-profile=\\"\\"></div></tag-profile>"`;

exports[`tag-profile rendering should render everything 1`] = `"<tag-profile name=\\"Kevin Anderson\\" gender=\\"Male\\" dob=\\"08/Aug/1982\\" nationality=\\"British\\" src=\\"http://ux.accessacloud.com/StyleGuide/Live/Content/img/rachel.jpg\\" data-tag-profile-host=\\"\\" class=\\"hydrated\\"><!----><div data-tag-profile=\\"\\"><div class=\\"prof__img\\" style=\\"background-size: cover; background-image: url(http://ux.accessacloud.com/StyleGuide/Live/Content/img/rachel.jpg);\\" data-tag-profile=\\"\\"><div class=\\"prof__edit\\" data-tag-profile=\\"\\"><tag-icon-set icon=\\"Edit\\" accent=\\"Selected\\" style=\\"width: 24px; height: 24px; padding: 10px;\\" data-tag-profile=\\"\\"></tag-icon-set></div></div><tag-text type=\\"h2\\" data-tag-profile=\\"\\">Kevin Anderson</tag-text><hr data-tag-profile=\\"\\"><tag-text type=\\"h3\\" data-tag-profile=\\"\\">Gender - Male</tag-text><tag-text type=\\"h3\\" data-tag-profile=\\"\\">Date of birth - 08/Aug/1982</tag-text><tag-text type=\\"h3\\" data-tag-profile=\\"\\">Nationality - British</tag-text></div></tag-profile>"`;
