// Jest Snapshot v1, https://goo.gl/fbAQLP

exports[`tag-avatar rendering should render 1`] = `"<tag-avatar data-tag-avatar-host=\\"\\" class=\\"hydrated\\"><!----><div class=\\"avatar undefined\\" data-tag-avatar=\\"\\"></div></tag-avatar>"`;
